ERROR - 2026-09-29 07:00:54 --> Error connecting to the database: mysqli_sql_exception: Unknown database 'electriccompany' in C:\xampp\htdocs\reyes_electric_demo\system\Database\MySQLi\Connection.php:186
Stack trace:
#0 C:\xampp\htdocs\reyes_electric_demo\system\Database\MySQLi\Connection.php(186): mysqli->real_connect('localhost', 'root', Object(SensitiveParameterValue), 'electriccompany', 3306, '', 0)
#1 C:\xampp\htdocs\reyes_electric_demo\system\Database\BaseConnection.php(421): CodeIgniter\Database\MySQLi\Connection->connect(false)
#2 C:\xampp\htdocs\reyes_electric_demo\system\Database\BaseConnection.php(616): CodeIgniter\Database\BaseConnection->initialize()
#3 C:\xampp\htdocs\reyes_electric_demo\system\Database\BaseBuilder.php(1728): CodeIgniter\Database\BaseConnection->query('SELECT COUNT(*)...', Array, false)
#4 C:\xampp\htdocs\reyes_electric_demo\system\Model.php(678): CodeIgniter\Database\BaseBuilder->countAllResults(false)
#5 C:\xampp\htdocs\reyes_electric_demo\system\BaseModel.php(1284): CodeIgniter\Model->countAllResults(false)
#6 C:\xampp\htdocs\reyes_electric_demo\app\Models\CustomerAccountModel.php(23): CodeIgniter\BaseModel->paginate(10)
#7 C:\xampp\htdocs\reyes_electric_demo\app\Controllers\Dashboard.php(35): App\Models\CustomerAccountModel->getAccountsPaginated(10)
#8 C:\xampp\htdocs\reyes_electric_demo\system\CodeIgniter.php(933): App\Controllers\Dashboard->index()
#9 C:\xampp\htdocs\reyes_electric_demo\system\CodeIgniter.php(509): CodeIgniter\CodeIgniter->runController(Object(App\Controllers\Dashboard))
#10 C:\xampp\htdocs\reyes_electric_demo\system\CodeIgniter.php(355): CodeIgniter\CodeIgniter->handleRequest(NULL, Object(Config\Cache), false)
#11 C:\xampp\htdocs\reyes_electric_demo\system\Boot.php(325): CodeIgniter\CodeIgniter->run()
#12 C:\xampp\htdocs\reyes_electric_demo\system\Boot.php(67): CodeIgniter\Boot::runCodeIgniter(Object(CodeIgniter\CodeIgniter))
#13 C:\xampp\htdocs\reyes_electric_demo\index.php(56): CodeIgniter\Boot::bootWeb(Object(Config\Paths))
#14 {main}

Next CodeIgniter\Database\Exceptions\DatabaseException: Unknown database 'electriccompany' in C:\xampp\htdocs\reyes_electric_demo\system\Database\MySQLi\Connection.php:231
Stack trace:
#0 C:\xampp\htdocs\reyes_electric_demo\system\Database\BaseConnection.php(421): CodeIgniter\Database\MySQLi\Connection->connect(false)
#1 C:\xampp\htdocs\reyes_electric_demo\system\Database\BaseConnection.php(616): CodeIgniter\Database\BaseConnection->initialize()
#2 C:\xampp\htdocs\reyes_electric_demo\system\Database\BaseBuilder.php(1728): CodeIgniter\Database\BaseConnection->query('SELECT COUNT(*)...', Array, false)
#3 C:\xampp\htdocs\reyes_electric_demo\system\Model.php(678): CodeIgniter\Database\BaseBuilder->countAllResults(false)
#4 C:\xampp\htdocs\reyes_electric_demo\system\BaseModel.php(1284): CodeIgniter\Model->countAllResults(false)
#5 C:\xampp\htdocs\reyes_electric_demo\app\Models\CustomerAccountModel.php(23): CodeIgniter\BaseModel->paginate(10)
#6 C:\xampp\htdocs\reyes_electric_demo\app\Controllers\Dashboard.php(35): App\Models\CustomerAccountModel->getAccountsPaginated(10)
#7 C:\xampp\htdocs\reyes_electric_demo\system\CodeIgniter.php(933): App\Controllers\Dashboard->index()
#8 C:\xampp\htdocs\reyes_electric_demo\system\CodeIgniter.php(509): CodeIgniter\CodeIgniter->runController(Object(App\Controllers\Dashboard))
#9 C:\xampp\htdocs\reyes_electric_demo\system\CodeIgniter.php(355): CodeIgniter\CodeIgniter->handleRequest(NULL, Object(Config\Cache), false)
#10 C:\xampp\htdocs\reyes_electric_demo\system\Boot.php(325): CodeIgniter\CodeIgniter->run()
#11 C:\xampp\htdocs\reyes_electric_demo\system\Boot.php(67): CodeIgniter\Boot::runCodeIgniter(Object(CodeIgniter\CodeIgniter))
#12 C:\xampp\htdocs\reyes_electric_demo\index.php(56): CodeIgniter\Boot::bootWeb(Object(Config\Paths))
#13 {main}
CRITICAL - 2026-09-29 07:00:54 --> CodeIgniter\Database\Exceptions\DatabaseException: Unable to connect to the database.
Main connection [MySQLi]: Unknown database 'electriccompany'
[Method: GET, Route: dashboard]
in SYSTEMPATH\Database\BaseConnection.php on line 467.
 1 SYSTEMPATH\Database\BaseConnection.php(616): CodeIgniter\Database\BaseConnection->initialize()
 2 SYSTEMPATH\Database\BaseBuilder.php(1728): CodeIgniter\Database\BaseConnection->query('SELECT COUNT(*) AS `numrows`
FROM `customer_accounts`', [], false)
 3 SYSTEMPATH\Model.php(678): CodeIgniter\Database\BaseBuilder->countAllResults(false)
 4 SYSTEMPATH\BaseModel.php(1284): CodeIgniter\Model->countAllResults(false)
 5 APPPATH\Models\CustomerAccountModel.php(23): CodeIgniter\BaseModel->paginate(10)
 6 APPPATH\Controllers\Dashboard.php(35): App\Models\CustomerAccountModel->getAccountsPaginated(10)
 7 SYSTEMPATH\CodeIgniter.php(933): App\Controllers\Dashboard->index()
 8 SYSTEMPATH\CodeIgniter.php(509): CodeIgniter\CodeIgniter->runController(Object(App\Controllers\Dashboard))
 9 SYSTEMPATH\CodeIgniter.php(355): CodeIgniter\CodeIgniter->handleRequest(null, Object(Config\Cache), false)
10 SYSTEMPATH\Boot.php(325): CodeIgniter\CodeIgniter->run()
11 SYSTEMPATH\Boot.php(67): CodeIgniter\Boot::runCodeIgniter(Object(CodeIgniter\CodeIgniter))
12 FCPATH\index.php(56): CodeIgniter\Boot::bootWeb(Object(Config\Paths))
ERROR - 2026-09-29 07:03:16 --> Error connecting to the database: mysqli_sql_exception: Unknown database 'electriccompany' in C:\xampp\htdocs\reyes_electric_demo\system\Database\MySQLi\Connection.php:186
Stack trace:
#0 C:\xampp\htdocs\reyes_electric_demo\system\Database\MySQLi\Connection.php(186): mysqli->real_connect('localhost', 'root', Object(SensitiveParameterValue), 'electriccompany', 3306, '', 0)
#1 C:\xampp\htdocs\reyes_electric_demo\system\Database\BaseConnection.php(421): CodeIgniter\Database\MySQLi\Connection->connect(false)
#2 C:\xampp\htdocs\reyes_electric_demo\system\Database\BaseConnection.php(616): CodeIgniter\Database\BaseConnection->initialize()
#3 C:\xampp\htdocs\reyes_electric_demo\system\Database\BaseBuilder.php(1728): CodeIgniter\Database\BaseConnection->query('SELECT COUNT(*)...', Array, false)
#4 C:\xampp\htdocs\reyes_electric_demo\system\Model.php(678): CodeIgniter\Database\BaseBuilder->countAllResults(false)
#5 C:\xampp\htdocs\reyes_electric_demo\system\BaseModel.php(1284): CodeIgniter\Model->countAllResults(false)
#6 C:\xampp\htdocs\reyes_electric_demo\app\Models\CustomerAccountModel.php(23): CodeIgniter\BaseModel->paginate(10)
#7 C:\xampp\htdocs\reyes_electric_demo\app\Controllers\Dashboard.php(35): App\Models\CustomerAccountModel->getAccountsPaginated(10)
#8 C:\xampp\htdocs\reyes_electric_demo\system\CodeIgniter.php(933): App\Controllers\Dashboard->index()
#9 C:\xampp\htdocs\reyes_electric_demo\system\CodeIgniter.php(509): CodeIgniter\CodeIgniter->runController(Object(App\Controllers\Dashboard))
#10 C:\xampp\htdocs\reyes_electric_demo\system\CodeIgniter.php(355): CodeIgniter\CodeIgniter->handleRequest(NULL, Object(Config\Cache), false)
#11 C:\xampp\htdocs\reyes_electric_demo\system\Boot.php(325): CodeIgniter\CodeIgniter->run()
#12 C:\xampp\htdocs\reyes_electric_demo\system\Boot.php(67): CodeIgniter\Boot::runCodeIgniter(Object(CodeIgniter\CodeIgniter))
#13 C:\xampp\htdocs\reyes_electric_demo\index.php(56): CodeIgniter\Boot::bootWeb(Object(Config\Paths))
#14 {main}

Next CodeIgniter\Database\Exceptions\DatabaseException: Unknown database 'electriccompany' in C:\xampp\htdocs\reyes_electric_demo\system\Database\MySQLi\Connection.php:231
Stack trace:
#0 C:\xampp\htdocs\reyes_electric_demo\system\Database\BaseConnection.php(421): CodeIgniter\Database\MySQLi\Connection->connect(false)
#1 C:\xampp\htdocs\reyes_electric_demo\system\Database\BaseConnection.php(616): CodeIgniter\Database\BaseConnection->initialize()
#2 C:\xampp\htdocs\reyes_electric_demo\system\Database\BaseBuilder.php(1728): CodeIgniter\Database\BaseConnection->query('SELECT COUNT(*)...', Array, false)
#3 C:\xampp\htdocs\reyes_electric_demo\system\Model.php(678): CodeIgniter\Database\BaseBuilder->countAllResults(false)
#4 C:\xampp\htdocs\reyes_electric_demo\system\BaseModel.php(1284): CodeIgniter\Model->countAllResults(false)
#5 C:\xampp\htdocs\reyes_electric_demo\app\Models\CustomerAccountModel.php(23): CodeIgniter\BaseModel->paginate(10)
#6 C:\xampp\htdocs\reyes_electric_demo\app\Controllers\Dashboard.php(35): App\Models\CustomerAccountModel->getAccountsPaginated(10)
#7 C:\xampp\htdocs\reyes_electric_demo\system\CodeIgniter.php(933): App\Controllers\Dashboard->index()
#8 C:\xampp\htdocs\reyes_electric_demo\system\CodeIgniter.php(509): CodeIgniter\CodeIgniter->runController(Object(App\Controllers\Dashboard))
#9 C:\xampp\htdocs\reyes_electric_demo\system\CodeIgniter.php(355): CodeIgniter\CodeIgniter->handleRequest(NULL, Object(Config\Cache), false)
#10 C:\xampp\htdocs\reyes_electric_demo\system\Boot.php(325): CodeIgniter\CodeIgniter->run()
#11 C:\xampp\htdocs\reyes_electric_demo\system\Boot.php(67): CodeIgniter\Boot::runCodeIgniter(Object(CodeIgniter\CodeIgniter))
#12 C:\xampp\htdocs\reyes_electric_demo\index.php(56): CodeIgniter\Boot::bootWeb(Object(Config\Paths))
#13 {main}
CRITICAL - 2026-09-29 07:03:16 --> CodeIgniter\Database\Exceptions\DatabaseException: Unable to connect to the database.
Main connection [MySQLi]: Unknown database 'electriccompany'
[Method: GET, Route: dashboard]
in SYSTEMPATH\Database\BaseConnection.php on line 467.
 1 SYSTEMPATH\Database\BaseConnection.php(616): CodeIgniter\Database\BaseConnection->initialize()
 2 SYSTEMPATH\Database\BaseBuilder.php(1728): CodeIgniter\Database\BaseConnection->query('SELECT COUNT(*) AS `numrows`
FROM `customer_accounts`', [], false)
 3 SYSTEMPATH\Model.php(678): CodeIgniter\Database\BaseBuilder->countAllResults(false)
 4 SYSTEMPATH\BaseModel.php(1284): CodeIgniter\Model->countAllResults(false)
 5 APPPATH\Models\CustomerAccountModel.php(23): CodeIgniter\BaseModel->paginate(10)
 6 APPPATH\Controllers\Dashboard.php(35): App\Models\CustomerAccountModel->getAccountsPaginated(10)
 7 SYSTEMPATH\CodeIgniter.php(933): App\Controllers\Dashboard->index()
 8 SYSTEMPATH\CodeIgniter.php(509): CodeIgniter\CodeIgniter->runController(Object(App\Controllers\Dashboard))
 9 SYSTEMPATH\CodeIgniter.php(355): CodeIgniter\CodeIgniter->handleRequest(null, Object(Config\Cache), false)
10 SYSTEMPATH\Boot.php(325): CodeIgniter\CodeIgniter->run()
11 SYSTEMPATH\Boot.php(67): CodeIgniter\Boot::runCodeIgniter(Object(CodeIgniter\CodeIgniter))
12 FCPATH\index.php(56): CodeIgniter\Boot::bootWeb(Object(Config\Paths))
ERROR - 2026-09-29 07:03:18 --> Error connecting to the database: mysqli_sql_exception: Unknown database 'electriccompany' in C:\xampp\htdocs\reyes_electric_demo\system\Database\MySQLi\Connection.php:186
Stack trace:
#0 C:\xampp\htdocs\reyes_electric_demo\system\Database\MySQLi\Connection.php(186): mysqli->real_connect('localhost', 'root', Object(SensitiveParameterValue), 'electriccompany', 3306, '', 0)
#1 C:\xampp\htdocs\reyes_electric_demo\system\Database\BaseConnection.php(421): CodeIgniter\Database\MySQLi\Connection->connect(false)
#2 C:\xampp\htdocs\reyes_electric_demo\system\Database\BaseConnection.php(616): CodeIgniter\Database\BaseConnection->initialize()
#3 C:\xampp\htdocs\reyes_electric_demo\system\Database\BaseBuilder.php(1728): CodeIgniter\Database\BaseConnection->query('SELECT COUNT(*)...', Array, false)
#4 C:\xampp\htdocs\reyes_electric_demo\system\Model.php(678): CodeIgniter\Database\BaseBuilder->countAllResults(false)
#5 C:\xampp\htdocs\reyes_electric_demo\system\BaseModel.php(1284): CodeIgniter\Model->countAllResults(false)
#6 C:\xampp\htdocs\reyes_electric_demo\app\Models\CustomerAccountModel.php(23): CodeIgniter\BaseModel->paginate(10)
#7 C:\xampp\htdocs\reyes_electric_demo\app\Controllers\Dashboard.php(35): App\Models\CustomerAccountModel->getAccountsPaginated(10)
#8 C:\xampp\htdocs\reyes_electric_demo\system\CodeIgniter.php(933): App\Controllers\Dashboard->index()
#9 C:\xampp\htdocs\reyes_electric_demo\system\CodeIgniter.php(509): CodeIgniter\CodeIgniter->runController(Object(App\Controllers\Dashboard))
#10 C:\xampp\htdocs\reyes_electric_demo\system\CodeIgniter.php(355): CodeIgniter\CodeIgniter->handleRequest(NULL, Object(Config\Cache), false)
#11 C:\xampp\htdocs\reyes_electric_demo\system\Boot.php(325): CodeIgniter\CodeIgniter->run()
#12 C:\xampp\htdocs\reyes_electric_demo\system\Boot.php(67): CodeIgniter\Boot::runCodeIgniter(Object(CodeIgniter\CodeIgniter))
#13 C:\xampp\htdocs\reyes_electric_demo\index.php(56): CodeIgniter\Boot::bootWeb(Object(Config\Paths))
#14 {main}

Next CodeIgniter\Database\Exceptions\DatabaseException: Unknown database 'electriccompany' in C:\xampp\htdocs\reyes_electric_demo\system\Database\MySQLi\Connection.php:231
Stack trace:
#0 C:\xampp\htdocs\reyes_electric_demo\system\Database\BaseConnection.php(421): CodeIgniter\Database\MySQLi\Connection->connect(false)
#1 C:\xampp\htdocs\reyes_electric_demo\system\Database\BaseConnection.php(616): CodeIgniter\Database\BaseConnection->initialize()
#2 C:\xampp\htdocs\reyes_electric_demo\system\Database\BaseBuilder.php(1728): CodeIgniter\Database\BaseConnection->query('SELECT COUNT(*)...', Array, false)
#3 C:\xampp\htdocs\reyes_electric_demo\system\Model.php(678): CodeIgniter\Database\BaseBuilder->countAllResults(false)
#4 C:\xampp\htdocs\reyes_electric_demo\system\BaseModel.php(1284): CodeIgniter\Model->countAllResults(false)
#5 C:\xampp\htdocs\reyes_electric_demo\app\Models\CustomerAccountModel.php(23): CodeIgniter\BaseModel->paginate(10)
#6 C:\xampp\htdocs\reyes_electric_demo\app\Controllers\Dashboard.php(35): App\Models\CustomerAccountModel->getAccountsPaginated(10)
#7 C:\xampp\htdocs\reyes_electric_demo\system\CodeIgniter.php(933): App\Controllers\Dashboard->index()
#8 C:\xampp\htdocs\reyes_electric_demo\system\CodeIgniter.php(509): CodeIgniter\CodeIgniter->runController(Object(App\Controllers\Dashboard))
#9 C:\xampp\htdocs\reyes_electric_demo\system\CodeIgniter.php(355): CodeIgniter\CodeIgniter->handleRequest(NULL, Object(Config\Cache), false)
#10 C:\xampp\htdocs\reyes_electric_demo\system\Boot.php(325): CodeIgniter\CodeIgniter->run()
#11 C:\xampp\htdocs\reyes_electric_demo\system\Boot.php(67): CodeIgniter\Boot::runCodeIgniter(Object(CodeIgniter\CodeIgniter))
#12 C:\xampp\htdocs\reyes_electric_demo\index.php(56): CodeIgniter\Boot::bootWeb(Object(Config\Paths))
#13 {main}
CRITICAL - 2026-09-29 07:03:18 --> CodeIgniter\Database\Exceptions\DatabaseException: Unable to connect to the database.
Main connection [MySQLi]: Unknown database 'electriccompany'
[Method: GET, Route: dashboard]
in SYSTEMPATH\Database\BaseConnection.php on line 467.
 1 SYSTEMPATH\Database\BaseConnection.php(616): CodeIgniter\Database\BaseConnection->initialize()
 2 SYSTEMPATH\Database\BaseBuilder.php(1728): CodeIgniter\Database\BaseConnection->query('SELECT COUNT(*) AS `numrows`
FROM `customer_accounts`', [], false)
 3 SYSTEMPATH\Model.php(678): CodeIgniter\Database\BaseBuilder->countAllResults(false)
 4 SYSTEMPATH\BaseModel.php(1284): CodeIgniter\Model->countAllResults(false)
 5 APPPATH\Models\CustomerAccountModel.php(23): CodeIgniter\BaseModel->paginate(10)
 6 APPPATH\Controllers\Dashboard.php(35): App\Models\CustomerAccountModel->getAccountsPaginated(10)
 7 SYSTEMPATH\CodeIgniter.php(933): App\Controllers\Dashboard->index()
 8 SYSTEMPATH\CodeIgniter.php(509): CodeIgniter\CodeIgniter->runController(Object(App\Controllers\Dashboard))
 9 SYSTEMPATH\CodeIgniter.php(355): CodeIgniter\CodeIgniter->handleRequest(null, Object(Config\Cache), false)
10 SYSTEMPATH\Boot.php(325): CodeIgniter\CodeIgniter->run()
11 SYSTEMPATH\Boot.php(67): CodeIgniter\Boot::runCodeIgniter(Object(CodeIgniter\CodeIgniter))
12 FCPATH\index.php(56): CodeIgniter\Boot::bootWeb(Object(Config\Paths))
ERROR - 2026-09-29 07:03:21 --> Error connecting to the database: mysqli_sql_exception: Unknown database 'electriccompany' in C:\xampp\htdocs\reyes_electric_demo\system\Database\MySQLi\Connection.php:186
Stack trace:
#0 C:\xampp\htdocs\reyes_electric_demo\system\Database\MySQLi\Connection.php(186): mysqli->real_connect('localhost', 'root', Object(SensitiveParameterValue), 'electriccompany', 3306, '', 0)
#1 C:\xampp\htdocs\reyes_electric_demo\system\Database\BaseConnection.php(421): CodeIgniter\Database\MySQLi\Connection->connect(false)
#2 C:\xampp\htdocs\reyes_electric_demo\system\Database\BaseConnection.php(616): CodeIgniter\Database\BaseConnection->initialize()
#3 C:\xampp\htdocs\reyes_electric_demo\system\Database\BaseBuilder.php(1728): CodeIgniter\Database\BaseConnection->query('SELECT COUNT(*)...', Array, false)
#4 C:\xampp\htdocs\reyes_electric_demo\system\Model.php(678): CodeIgniter\Database\BaseBuilder->countAllResults(false)
#5 C:\xampp\htdocs\reyes_electric_demo\system\BaseModel.php(1284): CodeIgniter\Model->countAllResults(false)
#6 C:\xampp\htdocs\reyes_electric_demo\app\Models\CustomerAccountModel.php(23): CodeIgniter\BaseModel->paginate(10)
#7 C:\xampp\htdocs\reyes_electric_demo\app\Controllers\Dashboard.php(35): App\Models\CustomerAccountModel->getAccountsPaginated(10)
#8 C:\xampp\htdocs\reyes_electric_demo\system\CodeIgniter.php(933): App\Controllers\Dashboard->index()
#9 C:\xampp\htdocs\reyes_electric_demo\system\CodeIgniter.php(509): CodeIgniter\CodeIgniter->runController(Object(App\Controllers\Dashboard))
#10 C:\xampp\htdocs\reyes_electric_demo\system\CodeIgniter.php(355): CodeIgniter\CodeIgniter->handleRequest(NULL, Object(Config\Cache), false)
#11 C:\xampp\htdocs\reyes_electric_demo\system\Boot.php(325): CodeIgniter\CodeIgniter->run()
#12 C:\xampp\htdocs\reyes_electric_demo\system\Boot.php(67): CodeIgniter\Boot::runCodeIgniter(Object(CodeIgniter\CodeIgniter))
#13 C:\xampp\htdocs\reyes_electric_demo\index.php(56): CodeIgniter\Boot::bootWeb(Object(Config\Paths))
#14 {main}

Next CodeIgniter\Database\Exceptions\DatabaseException: Unknown database 'electriccompany' in C:\xampp\htdocs\reyes_electric_demo\system\Database\MySQLi\Connection.php:231
Stack trace:
#0 C:\xampp\htdocs\reyes_electric_demo\system\Database\BaseConnection.php(421): CodeIgniter\Database\MySQLi\Connection->connect(false)
#1 C:\xampp\htdocs\reyes_electric_demo\system\Database\BaseConnection.php(616): CodeIgniter\Database\BaseConnection->initialize()
#2 C:\xampp\htdocs\reyes_electric_demo\system\Database\BaseBuilder.php(1728): CodeIgniter\Database\BaseConnection->query('SELECT COUNT(*)...', Array, false)
#3 C:\xampp\htdocs\reyes_electric_demo\system\Model.php(678): CodeIgniter\Database\BaseBuilder->countAllResults(false)
#4 C:\xampp\htdocs\reyes_electric_demo\system\BaseModel.php(1284): CodeIgniter\Model->countAllResults(false)
#5 C:\xampp\htdocs\reyes_electric_demo\app\Models\CustomerAccountModel.php(23): CodeIgniter\BaseModel->paginate(10)
#6 C:\xampp\htdocs\reyes_electric_demo\app\Controllers\Dashboard.php(35): App\Models\CustomerAccountModel->getAccountsPaginated(10)
#7 C:\xampp\htdocs\reyes_electric_demo\system\CodeIgniter.php(933): App\Controllers\Dashboard->index()
#8 C:\xampp\htdocs\reyes_electric_demo\system\CodeIgniter.php(509): CodeIgniter\CodeIgniter->runController(Object(App\Controllers\Dashboard))
#9 C:\xampp\htdocs\reyes_electric_demo\system\CodeIgniter.php(355): CodeIgniter\CodeIgniter->handleRequest(NULL, Object(Config\Cache), false)
#10 C:\xampp\htdocs\reyes_electric_demo\system\Boot.php(325): CodeIgniter\CodeIgniter->run()
#11 C:\xampp\htdocs\reyes_electric_demo\system\Boot.php(67): CodeIgniter\Boot::runCodeIgniter(Object(CodeIgniter\CodeIgniter))
#12 C:\xampp\htdocs\reyes_electric_demo\index.php(56): CodeIgniter\Boot::bootWeb(Object(Config\Paths))
#13 {main}
CRITICAL - 2026-09-29 07:03:21 --> CodeIgniter\Database\Exceptions\DatabaseException: Unable to connect to the database.
Main connection [MySQLi]: Unknown database 'electriccompany'
[Method: GET, Route: dashboard]
in SYSTEMPATH\Database\BaseConnection.php on line 467.
 1 SYSTEMPATH\Database\BaseConnection.php(616): CodeIgniter\Database\BaseConnection->initialize()
 2 SYSTEMPATH\Database\BaseBuilder.php(1728): CodeIgniter\Database\BaseConnection->query('SELECT COUNT(*) AS `numrows`
FROM `customer_accounts`', [], false)
 3 SYSTEMPATH\Model.php(678): CodeIgniter\Database\BaseBuilder->countAllResults(false)
 4 SYSTEMPATH\BaseModel.php(1284): CodeIgniter\Model->countAllResults(false)
 5 APPPATH\Models\CustomerAccountModel.php(23): CodeIgniter\BaseModel->paginate(10)
 6 APPPATH\Controllers\Dashboard.php(35): App\Models\CustomerAccountModel->getAccountsPaginated(10)
 7 SYSTEMPATH\CodeIgniter.php(933): App\Controllers\Dashboard->index()
 8 SYSTEMPATH\CodeIgniter.php(509): CodeIgniter\CodeIgniter->runController(Object(App\Controllers\Dashboard))
 9 SYSTEMPATH\CodeIgniter.php(355): CodeIgniter\CodeIgniter->handleRequest(null, Object(Config\Cache), false)
10 SYSTEMPATH\Boot.php(325): CodeIgniter\CodeIgniter->run()
11 SYSTEMPATH\Boot.php(67): CodeIgniter\Boot::runCodeIgniter(Object(CodeIgniter\CodeIgniter))
12 FCPATH\index.php(56): CodeIgniter\Boot::bootWeb(Object(Config\Paths))
ERROR - 2026-09-29 07:05:41 --> Error connecting to the database: mysqli_sql_exception: Unknown database 'electriccompany' in C:\xampp\htdocs\reyes_electric_demo\system\Database\MySQLi\Connection.php:186
Stack trace:
#0 C:\xampp\htdocs\reyes_electric_demo\system\Database\MySQLi\Connection.php(186): mysqli->real_connect('localhost', 'root', Object(SensitiveParameterValue), 'electriccompany', 3306, '', 0)
#1 C:\xampp\htdocs\reyes_electric_demo\system\Database\BaseConnection.php(421): CodeIgniter\Database\MySQLi\Connection->connect(false)
#2 C:\xampp\htdocs\reyes_electric_demo\system\Database\BaseConnection.php(616): CodeIgniter\Database\BaseConnection->initialize()
#3 C:\xampp\htdocs\reyes_electric_demo\system\Database\BaseBuilder.php(1728): CodeIgniter\Database\BaseConnection->query('SELECT COUNT(*)...', Array, false)
#4 C:\xampp\htdocs\reyes_electric_demo\system\Model.php(678): CodeIgniter\Database\BaseBuilder->countAllResults(false)
#5 C:\xampp\htdocs\reyes_electric_demo\system\BaseModel.php(1284): CodeIgniter\Model->countAllResults(false)
#6 C:\xampp\htdocs\reyes_electric_demo\app\Models\CustomerAccountModel.php(23): CodeIgniter\BaseModel->paginate(10)
#7 C:\xampp\htdocs\reyes_electric_demo\app\Controllers\Dashboard.php(35): App\Models\CustomerAccountModel->getAccountsPaginated(10)
#8 C:\xampp\htdocs\reyes_electric_demo\system\CodeIgniter.php(933): App\Controllers\Dashboard->index()
#9 C:\xampp\htdocs\reyes_electric_demo\system\CodeIgniter.php(509): CodeIgniter\CodeIgniter->runController(Object(App\Controllers\Dashboard))
#10 C:\xampp\htdocs\reyes_electric_demo\system\CodeIgniter.php(355): CodeIgniter\CodeIgniter->handleRequest(NULL, Object(Config\Cache), false)
#11 C:\xampp\htdocs\reyes_electric_demo\system\Boot.php(325): CodeIgniter\CodeIgniter->run()
#12 C:\xampp\htdocs\reyes_electric_demo\system\Boot.php(67): CodeIgniter\Boot::runCodeIgniter(Object(CodeIgniter\CodeIgniter))
#13 C:\xampp\htdocs\reyes_electric_demo\index.php(56): CodeIgniter\Boot::bootWeb(Object(Config\Paths))
#14 {main}

Next CodeIgniter\Database\Exceptions\DatabaseException: Unknown database 'electriccompany' in C:\xampp\htdocs\reyes_electric_demo\system\Database\MySQLi\Connection.php:231
Stack trace:
#0 C:\xampp\htdocs\reyes_electric_demo\system\Database\BaseConnection.php(421): CodeIgniter\Database\MySQLi\Connection->connect(false)
#1 C:\xampp\htdocs\reyes_electric_demo\system\Database\BaseConnection.php(616): CodeIgniter\Database\BaseConnection->initialize()
#2 C:\xampp\htdocs\reyes_electric_demo\system\Database\BaseBuilder.php(1728): CodeIgniter\Database\BaseConnection->query('SELECT COUNT(*)...', Array, false)
#3 C:\xampp\htdocs\reyes_electric_demo\system\Model.php(678): CodeIgniter\Database\BaseBuilder->countAllResults(false)
#4 C:\xampp\htdocs\reyes_electric_demo\system\BaseModel.php(1284): CodeIgniter\Model->countAllResults(false)
#5 C:\xampp\htdocs\reyes_electric_demo\app\Models\CustomerAccountModel.php(23): CodeIgniter\BaseModel->paginate(10)
#6 C:\xampp\htdocs\reyes_electric_demo\app\Controllers\Dashboard.php(35): App\Models\CustomerAccountModel->getAccountsPaginated(10)
#7 C:\xampp\htdocs\reyes_electric_demo\system\CodeIgniter.php(933): App\Controllers\Dashboard->index()
#8 C:\xampp\htdocs\reyes_electric_demo\system\CodeIgniter.php(509): CodeIgniter\CodeIgniter->runController(Object(App\Controllers\Dashboard))
#9 C:\xampp\htdocs\reyes_electric_demo\system\CodeIgniter.php(355): CodeIgniter\CodeIgniter->handleRequest(NULL, Object(Config\Cache), false)
#10 C:\xampp\htdocs\reyes_electric_demo\system\Boot.php(325): CodeIgniter\CodeIgniter->run()
#11 C:\xampp\htdocs\reyes_electric_demo\system\Boot.php(67): CodeIgniter\Boot::runCodeIgniter(Object(CodeIgniter\CodeIgniter))
#12 C:\xampp\htdocs\reyes_electric_demo\index.php(56): CodeIgniter\Boot::bootWeb(Object(Config\Paths))
#13 {main}
CRITICAL - 2026-09-29 07:05:41 --> CodeIgniter\Database\Exceptions\DatabaseException: Unable to connect to the database.
Main connection [MySQLi]: Unknown database 'electriccompany'
[Method: GET, Route: dashboard]
in SYSTEMPATH\Database\BaseConnection.php on line 467.
 1 SYSTEMPATH\Database\BaseConnection.php(616): CodeIgniter\Database\BaseConnection->initialize()
 2 SYSTEMPATH\Database\BaseBuilder.php(1728): CodeIgniter\Database\BaseConnection->query('SELECT COUNT(*) AS `numrows`
FROM `customer_accounts`', [], false)
 3 SYSTEMPATH\Model.php(678): CodeIgniter\Database\BaseBuilder->countAllResults(false)
 4 SYSTEMPATH\BaseModel.php(1284): CodeIgniter\Model->countAllResults(false)
 5 APPPATH\Models\CustomerAccountModel.php(23): CodeIgniter\BaseModel->paginate(10)
 6 APPPATH\Controllers\Dashboard.php(35): App\Models\CustomerAccountModel->getAccountsPaginated(10)
 7 SYSTEMPATH\CodeIgniter.php(933): App\Controllers\Dashboard->index()
 8 SYSTEMPATH\CodeIgniter.php(509): CodeIgniter\CodeIgniter->runController(Object(App\Controllers\Dashboard))
 9 SYSTEMPATH\CodeIgniter.php(355): CodeIgniter\CodeIgniter->handleRequest(null, Object(Config\Cache), false)
10 SYSTEMPATH\Boot.php(325): CodeIgniter\CodeIgniter->run()
11 SYSTEMPATH\Boot.php(67): CodeIgniter\Boot::runCodeIgniter(Object(CodeIgniter\CodeIgniter))
12 FCPATH\index.php(56): CodeIgniter\Boot::bootWeb(Object(Config\Paths))
ERROR - 2026-09-29 07:05:48 --> Error connecting to the database: mysqli_sql_exception: Unknown database 'electriccompany' in C:\xampp\htdocs\reyes_electric_demo\system\Database\MySQLi\Connection.php:186
Stack trace:
#0 C:\xampp\htdocs\reyes_electric_demo\system\Database\MySQLi\Connection.php(186): mysqli->real_connect('localhost', 'root', Object(SensitiveParameterValue), 'electriccompany', 3306, '', 0)
#1 C:\xampp\htdocs\reyes_electric_demo\system\Database\BaseConnection.php(421): CodeIgniter\Database\MySQLi\Connection->connect(false)
#2 C:\xampp\htdocs\reyes_electric_demo\system\Database\BaseConnection.php(616): CodeIgniter\Database\BaseConnection->initialize()
#3 C:\xampp\htdocs\reyes_electric_demo\system\Database\BaseBuilder.php(1728): CodeIgniter\Database\BaseConnection->query('SELECT COUNT(*)...', Array, false)
#4 C:\xampp\htdocs\reyes_electric_demo\system\Model.php(678): CodeIgniter\Database\BaseBuilder->countAllResults(false)
#5 C:\xampp\htdocs\reyes_electric_demo\system\BaseModel.php(1284): CodeIgniter\Model->countAllResults(false)
#6 C:\xampp\htdocs\reyes_electric_demo\app\Models\CustomerAccountModel.php(23): CodeIgniter\BaseModel->paginate(10)
#7 C:\xampp\htdocs\reyes_electric_demo\app\Controllers\Dashboard.php(35): App\Models\CustomerAccountModel->getAccountsPaginated(10)
#8 C:\xampp\htdocs\reyes_electric_demo\system\CodeIgniter.php(933): App\Controllers\Dashboard->index()
#9 C:\xampp\htdocs\reyes_electric_demo\system\CodeIgniter.php(509): CodeIgniter\CodeIgniter->runController(Object(App\Controllers\Dashboard))
#10 C:\xampp\htdocs\reyes_electric_demo\system\CodeIgniter.php(355): CodeIgniter\CodeIgniter->handleRequest(NULL, Object(Config\Cache), false)
#11 C:\xampp\htdocs\reyes_electric_demo\system\Boot.php(325): CodeIgniter\CodeIgniter->run()
#12 C:\xampp\htdocs\reyes_electric_demo\system\Boot.php(67): CodeIgniter\Boot::runCodeIgniter(Object(CodeIgniter\CodeIgniter))
#13 C:\xampp\htdocs\reyes_electric_demo\index.php(56): CodeIgniter\Boot::bootWeb(Object(Config\Paths))
#14 {main}

Next CodeIgniter\Database\Exceptions\DatabaseException: Unknown database 'electriccompany' in C:\xampp\htdocs\reyes_electric_demo\system\Database\MySQLi\Connection.php:231
Stack trace:
#0 C:\xampp\htdocs\reyes_electric_demo\system\Database\BaseConnection.php(421): CodeIgniter\Database\MySQLi\Connection->connect(false)
#1 C:\xampp\htdocs\reyes_electric_demo\system\Database\BaseConnection.php(616): CodeIgniter\Database\BaseConnection->initialize()
#2 C:\xampp\htdocs\reyes_electric_demo\system\Database\BaseBuilder.php(1728): CodeIgniter\Database\BaseConnection->query('SELECT COUNT(*)...', Array, false)
#3 C:\xampp\htdocs\reyes_electric_demo\system\Model.php(678): CodeIgniter\Database\BaseBuilder->countAllResults(false)
#4 C:\xampp\htdocs\reyes_electric_demo\system\BaseModel.php(1284): CodeIgniter\Model->countAllResults(false)
#5 C:\xampp\htdocs\reyes_electric_demo\app\Models\CustomerAccountModel.php(23): CodeIgniter\BaseModel->paginate(10)
#6 C:\xampp\htdocs\reyes_electric_demo\app\Controllers\Dashboard.php(35): App\Models\CustomerAccountModel->getAccountsPaginated(10)
#7 C:\xampp\htdocs\reyes_electric_demo\system\CodeIgniter.php(933): App\Controllers\Dashboard->index()
#8 C:\xampp\htdocs\reyes_electric_demo\system\CodeIgniter.php(509): CodeIgniter\CodeIgniter->runController(Object(App\Controllers\Dashboard))
#9 C:\xampp\htdocs\reyes_electric_demo\system\CodeIgniter.php(355): CodeIgniter\CodeIgniter->handleRequest(NULL, Object(Config\Cache), false)
#10 C:\xampp\htdocs\reyes_electric_demo\system\Boot.php(325): CodeIgniter\CodeIgniter->run()
#11 C:\xampp\htdocs\reyes_electric_demo\system\Boot.php(67): CodeIgniter\Boot::runCodeIgniter(Object(CodeIgniter\CodeIgniter))
#12 C:\xampp\htdocs\reyes_electric_demo\index.php(56): CodeIgniter\Boot::bootWeb(Object(Config\Paths))
#13 {main}
CRITICAL - 2026-09-29 07:05:48 --> CodeIgniter\Database\Exceptions\DatabaseException: Unable to connect to the database.
Main connection [MySQLi]: Unknown database 'electriccompany'
[Method: GET, Route: dashboard]
in SYSTEMPATH\Database\BaseConnection.php on line 467.
 1 SYSTEMPATH\Database\BaseConnection.php(616): CodeIgniter\Database\BaseConnection->initialize()
 2 SYSTEMPATH\Database\BaseBuilder.php(1728): CodeIgniter\Database\BaseConnection->query('SELECT COUNT(*) AS `numrows`
FROM `customer_accounts`', [], false)
 3 SYSTEMPATH\Model.php(678): CodeIgniter\Database\BaseBuilder->countAllResults(false)
 4 SYSTEMPATH\BaseModel.php(1284): CodeIgniter\Model->countAllResults(false)
 5 APPPATH\Models\CustomerAccountModel.php(23): CodeIgniter\BaseModel->paginate(10)
 6 APPPATH\Controllers\Dashboard.php(35): App\Models\CustomerAccountModel->getAccountsPaginated(10)
 7 SYSTEMPATH\CodeIgniter.php(933): App\Controllers\Dashboard->index()
 8 SYSTEMPATH\CodeIgniter.php(509): CodeIgniter\CodeIgniter->runController(Object(App\Controllers\Dashboard))
 9 SYSTEMPATH\CodeIgniter.php(355): CodeIgniter\CodeIgniter->handleRequest(null, Object(Config\Cache), false)
10 SYSTEMPATH\Boot.php(325): CodeIgniter\CodeIgniter->run()
11 SYSTEMPATH\Boot.php(67): CodeIgniter\Boot::runCodeIgniter(Object(CodeIgniter\CodeIgniter))
12 FCPATH\index.php(56): CodeIgniter\Boot::bootWeb(Object(Config\Paths))
